Thursday, March 27, 22:50:28, 2014

                    Sunplus u'nSP Linker version 1.14.15 (enc)
                    -------------------------------------------

Global Symbol Name                                Global Value     Global Filename
***********************************************************************************************************************************************************************************************************************************************************************************************************
_RESET                                                   8009      "D:\Program Files\Sunplus\unSP IDE 2.6.2D\startupcode\startupD.obj"
__sn_loop                                                8025      "D:\Program Files\Sunplus\unSP IDE 2.6.2D\startupcode\startupD.obj"
__sn_loop2                                               8024      "D:\Program Files\Sunplus\unSP IDE 2.6.2D\startupcode\startupD.obj"
__sn_init_table                                          8000   "Linker internal symbol"
__sn_sp_val                                              7FF    "Linker internal symbol"
_RES_Table                                               8026      "F:\Code\geeknimo\MCU\SPEC061A\BSR\Debug\Resource.obj"
_RES_1_48K_SA                                            8026      "F:\Code\geeknimo\MCU\SPEC061A\BSR\Debug\Resource.obj"
_RES_1_48K_EA                                            8028      "F:\Code\geeknimo\MCU\SPEC061A\BSR\Debug\Resource.obj"
_RES_10_48K_SA                                           802A      "F:\Code\geeknimo\MCU\SPEC061A\BSR\Debug\Resource.obj"
_RES_10_48K_EA                                           802C      "F:\Code\geeknimo\MCU\SPEC061A\BSR\Debug\Resource.obj"
_RES_11_48K_SA                                           802E      "F:\Code\geeknimo\MCU\SPEC061A\BSR\Debug\Resource.obj"
_RES_11_48K_EA                                           8030      "F:\Code\geeknimo\MCU\SPEC061A\BSR\Debug\Resource.obj"
_RES_12_48K_SA                                           8032      "F:\Code\geeknimo\MCU\SPEC061A\BSR\Debug\Resource.obj"
_RES_12_48K_EA                                           8034      "F:\Code\geeknimo\MCU\SPEC061A\BSR\Debug\Resource.obj"
_RES_15_48K_SA                                           8036      "F:\Code\geeknimo\MCU\SPEC061A\BSR\Debug\Resource.obj"
_RES_15_48K_EA                                           8038      "F:\Code\geeknimo\MCU\SPEC061A\BSR\Debug\Resource.obj"
_RES_2_48K_SA                                            803A      "F:\Code\geeknimo\MCU\SPEC061A\BSR\Debug\Resource.obj"
_RES_2_48K_EA                                            803C      "F:\Code\geeknimo\MCU\SPEC061A\BSR\Debug\Resource.obj"
_RES_3_48K_SA                                            803E      "F:\Code\geeknimo\MCU\SPEC061A\BSR\Debug\Resource.obj"
_RES_3_48K_EA                                            8040      "F:\Code\geeknimo\MCU\SPEC061A\BSR\Debug\Resource.obj"
_RES_4_48K_SA                                            8042      "F:\Code\geeknimo\MCU\SPEC061A\BSR\Debug\Resource.obj"
_RES_4_48K_EA                                            8044      "F:\Code\geeknimo\MCU\SPEC061A\BSR\Debug\Resource.obj"
_RES_5_48K_SA                                            8046      "F:\Code\geeknimo\MCU\SPEC061A\BSR\Debug\Resource.obj"
_RES_5_48K_EA                                            8048      "F:\Code\geeknimo\MCU\SPEC061A\BSR\Debug\Resource.obj"
_RES_6_48K_SA                                            804A      "F:\Code\geeknimo\MCU\SPEC061A\BSR\Debug\Resource.obj"
_RES_6_48K_EA                                            804C      "F:\Code\geeknimo\MCU\SPEC061A\BSR\Debug\Resource.obj"
_RES_7_48K_SA                                            804E      "F:\Code\geeknimo\MCU\SPEC061A\BSR\Debug\Resource.obj"
_RES_7_48K_EA                                            8050      "F:\Code\geeknimo\MCU\SPEC061A\BSR\Debug\Resource.obj"
_RES_S12_24K_SA                                          8052      "F:\Code\geeknimo\MCU\SPEC061A\BSR\Debug\Resource.obj"
_RES_S12_24K_EA                                          8054      "F:\Code\geeknimo\MCU\SPEC061A\BSR\Debug\Resource.obj"
_RES_18_48K_SA                                           8056      "F:\Code\geeknimo\MCU\SPEC061A\BSR\Debug\Resource.obj"
_RES_18_48K_EA                                           8058      "F:\Code\geeknimo\MCU\SPEC061A\BSR\Debug\Resource.obj"
_RES_17_48K_SA                                           805A      "F:\Code\geeknimo\MCU\SPEC061A\BSR\Debug\Resource.obj"
_RES_17_48K_EA                                           805C      "F:\Code\geeknimo\MCU\SPEC061A\BSR\Debug\Resource.obj"
_RES_16_48K_SA                                           805E      "F:\Code\geeknimo\MCU\SPEC061A\BSR\Debug\Resource.obj"
_RES_16_48K_EA                                           8060      "F:\Code\geeknimo\MCU\SPEC061A\BSR\Debug\Resource.obj"
_gActivated                                              47D       "F:\Code\geeknimo\MCU\SPEC061A\BSR\Debug\main.obj"
_gTriggerRespond                                         47E       "F:\Code\geeknimo\MCU\SPEC061A\BSR\Debug\main.obj"
_gComm2Respond                                           481       "F:\Code\geeknimo\MCU\SPEC061A\BSR\Debug\main.obj"
_PlayFlag                                                484       "F:\Code\geeknimo\MCU\SPEC061A\BSR\Debug\main.obj"
_PlayRespond2                                            B394      "F:\Code\geeknimo\MCU\SPEC061A\BSR\Debug\main.obj"
_PlayRespond                                             B3C8      "F:\Code\geeknimo\MCU\SPEC061A\BSR\Debug\main.obj"
_TrainWord                                               B3FC      "F:\Code\geeknimo\MCU\SPEC061A\BSR\Debug\main.obj"
_main                                                    B46A      "F:\Code\geeknimo\MCU\SPEC061A\BSR\Debug\main.obj"
F_SP_RampUpDAC1                                          B6C4      "F:\Code\geeknimo\MCU\SPEC061A\BSR\Debug\hardware.obj"
F_SP_RampDnDAC1                                          B6E8      "F:\Code\geeknimo\MCU\SPEC061A\BSR\Debug\hardware.obj"
F_SP_RampUpDAC2                                          B6FA      "F:\Code\geeknimo\MCU\SPEC061A\BSR\Debug\hardware.obj"
F_SP_RampDnDAC2                                          B71E      "F:\Code\geeknimo\MCU\SPEC061A\BSR\Debug\hardware.obj"
_SP_RampUpDAC1                                           B6C4      "F:\Code\geeknimo\MCU\SPEC061A\BSR\Debug\hardware.obj"
_SP_RampDnDAC1                                           B6E8      "F:\Code\geeknimo\MCU\SPEC061A\BSR\Debug\hardware.obj"
_SP_RampUpDAC2                                           B6FA      "F:\Code\geeknimo\MCU\SPEC061A\BSR\Debug\hardware.obj"
_SP_RampDnDAC2                                           B71E      "F:\Code\geeknimo\MCU\SPEC061A\BSR\Debug\hardware.obj"
_SP_InitQueue                                            B59E      "F:\Code\geeknimo\MCU\SPEC061A\BSR\Debug\hardware.obj"
_SP_InitQueue_A2000                                      B59E      "F:\Code\geeknimo\MCU\SPEC061A\BSR\Debug\hardware.obj"
_SP_InitQueue_S480                                       B59E      "F:\Code\geeknimo\MCU\SPEC061A\BSR\Debug\hardware.obj"
_SP_InitQueue_S240                                       B59E      "F:\Code\geeknimo\MCU\SPEC061A\BSR\Debug\hardware.obj"
_SP_InitQueue_MS01                                       B59E      "F:\Code\geeknimo\MCU\SPEC061A\BSR\Debug\hardware.obj"
_SP_InitQueue_DVR                                        B59E      "F:\Code\geeknimo\MCU\SPEC061A\BSR\Debug\hardware.obj"
F_SP_InitQueue                                           B59E      "F:\Code\geeknimo\MCU\SPEC061A\BSR\Debug\hardware.obj"
F_SP_InitQueue_A2000                                     B59E      "F:\Code\geeknimo\MCU\SPEC061A\BSR\Debug\hardware.obj"
F_SP_InitQueue_S480                                      B59E      "F:\Code\geeknimo\MCU\SPEC061A\BSR\Debug\hardware.obj"
F_SP_InitQueue_S240                                      B59E      "F:\Code\geeknimo\MCU\SPEC061A\BSR\Debug\hardware.obj"
F_SP_InitQueue_MS01                                      B59E      "F:\Code\geeknimo\MCU\SPEC061A\BSR\Debug\hardware.obj"
F_SP_InitQueue_DVR                                       B59E      "F:\Code\geeknimo\MCU\SPEC061A\BSR\Debug\hardware.obj"
F_SP_ReadQueue                                           B5AB      "F:\Code\geeknimo\MCU\SPEC061A\BSR\Debug\hardware.obj"
F_SP_ReadQueue_A2000                                     B5AB      "F:\Code\geeknimo\MCU\SPEC061A\BSR\Debug\hardware.obj"
F_SP_ReadQueue_S480                                      B5AB      "F:\Code\geeknimo\MCU\SPEC061A\BSR\Debug\hardware.obj"
F_SP_ReadQueue_S240                                      B5AB      "F:\Code\geeknimo\MCU\SPEC061A\BSR\Debug\hardware.obj"
F_SP_ReadQueue_MS01                                      B5AB      "F:\Code\geeknimo\MCU\SPEC061A\BSR\Debug\hardware.obj"
F_SP_ReadQueue_DVR                                       B5AB      "F:\Code\geeknimo\MCU\SPEC061A\BSR\Debug\hardware.obj"
F_SP_ReadQueue_NIC                                       B5BE      "F:\Code\geeknimo\MCU\SPEC061A\BSR\Debug\hardware.obj"
F_SP_ReadQueue_NIC_A2000                                 B5BE      "F:\Code\geeknimo\MCU\SPEC061A\BSR\Debug\hardware.obj"
F_SP_ReadQueue_NIC_S480                                  B5BE      "F:\Code\geeknimo\MCU\SPEC061A\BSR\Debug\hardware.obj"
F_SP_ReadQueue_NIC_S240                                  B5BE      "F:\Code\geeknimo\MCU\SPEC061A\BSR\Debug\hardware.obj"
F_SP_ReadQueue_NIC_MS01                                  B5BE      "F:\Code\geeknimo\MCU\SPEC061A\BSR\Debug\hardware.obj"
F_SP_ReadQueue_NIC_DVR                                   B5BE      "F:\Code\geeknimo\MCU\SPEC061A\BSR\Debug\hardware.obj"
F_SP_WriteQueue                                          B5C7      "F:\Code\geeknimo\MCU\SPEC061A\BSR\Debug\hardware.obj"
F_SP_WriteQueue_A2000                                    B5C7      "F:\Code\geeknimo\MCU\SPEC061A\BSR\Debug\hardware.obj"
F_SP_WriteQueue_S480                                     B5C7      "F:\Code\geeknimo\MCU\SPEC061A\BSR\Debug\hardware.obj"
F_SP_WriteQueue_S240                                     B5C7      "F:\Code\geeknimo\MCU\SPEC061A\BSR\Debug\hardware.obj"
F_SP_WriteQueue_MS01                                     B5C7      "F:\Code\geeknimo\MCU\SPEC061A\BSR\Debug\hardware.obj"
F_SP_WriteQueue_DVR                                      B5C7      "F:\Code\geeknimo\MCU\SPEC061A\BSR\Debug\hardware.obj"
F_SP_TestQueue                                           B5D6      "F:\Code\geeknimo\MCU\SPEC061A\BSR\Debug\hardware.obj"
F_SP_TestQueue_A2000                                     B5D6      "F:\Code\geeknimo\MCU\SPEC061A\BSR\Debug\hardware.obj"
F_SP_TestQueue_S480                                      B5D6      "F:\Code\geeknimo\MCU\SPEC061A\BSR\Debug\hardware.obj"
F_SP_TestQueue_S240                                      B5D6      "F:\Code\geeknimo\MCU\SPEC061A\BSR\Debug\hardware.obj"
F_SP_TestQueue_MS01                                      B5D6      "F:\Code\geeknimo\MCU\SPEC061A\BSR\Debug\hardware.obj"
F_SP_TestQueue_DVR                                       B5D6      "F:\Code\geeknimo\MCU\SPEC061A\BSR\Debug\hardware.obj"
_SP_Export                                               B75D      "F:\Code\geeknimo\MCU\SPEC061A\BSR\Debug\hardware.obj"
_SP_Import                                               B756      "F:\Code\geeknimo\MCU\SPEC061A\BSR\Debug\hardware.obj"
_SP_Init_IOB                                             B746      "F:\Code\geeknimo\MCU\SPEC061A\BSR\Debug\hardware.obj"
_SP_Init_IOA                                             B736      "F:\Code\geeknimo\MCU\SPEC061A\BSR\Debug\hardware.obj"
_SP_GetResource                                          B767      "F:\Code\geeknimo\MCU\SPEC061A\BSR\Debug\hardware.obj"
F_SP_GetResource                                         B775      "F:\Code\geeknimo\MCU\SPEC061A\BSR\Debug\hardware.obj"
F_SP_SACM_A2000_Init_                                    B5EF      "F:\Code\geeknimo\MCU\SPEC061A\BSR\Debug\hardware.obj"
F_SP_SACM_S480_Init_                                     B60B      "F:\Code\geeknimo\MCU\SPEC061A\BSR\Debug\hardware.obj"
F_SP_SACM_S240_Init_                                     B626      "F:\Code\geeknimo\MCU\SPEC061A\BSR\Debug\hardware.obj"
F_SP_SACM_MS01_Init_                                     B641      "F:\Code\geeknimo\MCU\SPEC061A\BSR\Debug\hardware.obj"
F_SP_PlayMode0_                                          B653      "F:\Code\geeknimo\MCU\SPEC061A\BSR\Debug\hardware.obj"
F_SP_PlayMode1_                                          B663      "F:\Code\geeknimo\MCU\SPEC061A\BSR\Debug\hardware.obj"
F_SP_PlayMode2_                                          B674      "F:\Code\geeknimo\MCU\SPEC061A\BSR\Debug\hardware.obj"
F_SP_PlayMode3_                                          B685      "F:\Code\geeknimo\MCU\SPEC061A\BSR\Debug\hardware.obj"
F_SP_SACM_DVR_Init_                                      B696      "F:\Code\geeknimo\MCU\SPEC061A\BSR\Debug\hardware.obj"
F_SP_SACM_DVR_Rec_Init_                                  B6B4      "F:\Code\geeknimo\MCU\SPEC061A\BSR\Debug\hardware.obj"
F_SP_SACM_DVR_Play_Init_                                 B6BC      "F:\Code\geeknimo\MCU\SPEC061A\BSR\Debug\hardware.obj"
R_InterruptStatus                                        485       "F:\Code\geeknimo\MCU\SPEC061A\BSR\Debug\hardware.obj"
F_RampUpDAC1                                             B6C4      "F:\Code\geeknimo\MCU\SPEC061A\BSR\Debug\hardware.obj"
F_RampDnDAC1                                             B6E8      "F:\Code\geeknimo\MCU\SPEC061A\BSR\Debug\hardware.obj"
F_RampUpDAC2                                             B6FA      "F:\Code\geeknimo\MCU\SPEC061A\BSR\Debug\hardware.obj"
F_RampDnDAC2                                             B71E      "F:\Code\geeknimo\MCU\SPEC061A\BSR\Debug\hardware.obj"
_STD_RampUpDAC1                                          B6C4      "F:\Code\geeknimo\MCU\SPEC061A\BSR\Debug\hardware.obj"
_STD_RampDnDAC1                                          B6E8      "F:\Code\geeknimo\MCU\SPEC061A\BSR\Debug\hardware.obj"
_STD_RampUpDAC2                                          B6FA      "F:\Code\geeknimo\MCU\SPEC061A\BSR\Debug\hardware.obj"
_STD_RampDnDAC2                                          B71E      "F:\Code\geeknimo\MCU\SPEC061A\BSR\Debug\hardware.obj"
_InitIO                                                  B78B      "F:\Code\geeknimo\MCU\SPEC061A\BSR\Debug\InitIO.obj"
_ShowRes                                                 B783      "F:\Code\geeknimo\MCU\SPEC061A\BSR\Debug\InitIO.obj"
_ClearWatchDog                                           B77D      "F:\Code\geeknimo\MCU\SPEC061A\BSR\Debug\InitIO.obj"
_FIQ                                                     8078      "F:\Code\geeknimo\MCU\SPEC061A\BSR\Debug\FIQ.obj"
_BREAK                                                   8098      "F:\Code\geeknimo\MCU\SPEC061A\BSR\Debug\FIQ.obj"
_IRQ0                                                    8098      "F:\Code\geeknimo\MCU\SPEC061A\BSR\Debug\FIQ.obj"
_IRQ1                                                    8098      "F:\Code\geeknimo\MCU\SPEC061A\BSR\Debug\FIQ.obj"
_IRQ2                                                    8098      "F:\Code\geeknimo\MCU\SPEC061A\BSR\Debug\FIQ.obj"
_IRQ3                                                    8098      "F:\Code\geeknimo\MCU\SPEC061A\BSR\Debug\FIQ.obj"
_IRQ4                                                    8098      "F:\Code\geeknimo\MCU\SPEC061A\BSR\Debug\FIQ.obj"
_IRQ5                                                    8098      "F:\Code\geeknimo\MCU\SPEC061A\BSR\Debug\FIQ.obj"
_IRQ6                                                    8098      "F:\Code\geeknimo\MCU\SPEC061A\BSR\Debug\FIQ.obj"
_IRQ7                                                    8098      "F:\Code\geeknimo\MCU\SPEC061A\BSR\Debug\FIQ.obj"
T_SACM_S480_SpeechTable                                  8068      "F:\Code\geeknimo\MCU\SPEC061A\BSR\Debug\FIQ.obj"
T_SACM_A2000_SpeechTable                                 8077      "F:\Code\geeknimo\MCU\SPEC061A\BSR\Debug\FIQ.obj"
__RES_1_48K_sa                                           DB61      "F:\Code\geeknimo\MCU\SPEC061A\BSR\Debug\1_48k.res"
__RES_1_48K_ea                                           DF38      "F:\Code\geeknimo\MCU\SPEC061A\BSR\Debug\1_48k.res"
__RES_10_48K_sa                                          EF38      "F:\Code\geeknimo\MCU\SPEC061A\BSR\Debug\10_48k.res"
__RES_10_48K_ea                                          F21C      "F:\Code\geeknimo\MCU\SPEC061A\BSR\Debug\10_48k.res"
__RES_11_48K_sa                                          E93A      "F:\Code\geeknimo\MCU\SPEC061A\BSR\Debug\11_48k.res"
__RES_11_48K_ea                                          EC42      "F:\Code\geeknimo\MCU\SPEC061A\BSR\Debug\11_48k.res"
__RES_12_48K_sa                                          EC42      "F:\Code\geeknimo\MCU\SPEC061A\BSR\Debug\12_48k.res"
__RES_12_48K_ea                                          EF38      "F:\Code\geeknimo\MCU\SPEC061A\BSR\Debug\12_48k.res"
__RES_15_48K_sa                                          E2EB      "F:\Code\geeknimo\MCU\SPEC061A\BSR\Debug\15_48k.res"
__RES_15_48K_ea                                          E620      "F:\Code\geeknimo\MCU\SPEC061A\BSR\Debug\15_48k.res"
__RES_2_48K_sa                                           BE9A      "F:\Code\geeknimo\MCU\SPEC061A\BSR\Debug\2_48k.res"
__RES_2_48K_ea                                           C2DD      "F:\Code\geeknimo\MCU\SPEC061A\BSR\Debug\2_48k.res"
__RES_3_48K_sa                                           D38F      "F:\Code\geeknimo\MCU\SPEC061A\BSR\Debug\3_48k.res"
__RES_3_48K_ea                                           D78A      "F:\Code\geeknimo\MCU\SPEC061A\BSR\Debug\3_48k.res"
__RES_4_48K_sa                                           D78A      "F:\Code\geeknimo\MCU\SPEC061A\BSR\Debug\4_48k.res"
__RES_4_48K_ea                                           DB61      "F:\Code\geeknimo\MCU\SPEC061A\BSR\Debug\4_48k.res"
__RES_5_48K_sa                                           C720      "F:\Code\geeknimo\MCU\SPEC061A\BSR\Debug\5_48k.res"
__RES_5_48K_ea                                           CB51      "F:\Code\geeknimo\MCU\SPEC061A\BSR\Debug\5_48k.res"
__RES_6_48K_sa                                           CB51      "F:\Code\geeknimo\MCU\SPEC061A\BSR\Debug\6_48k.res"
__RES_6_48K_ea                                           CF70      "F:\Code\geeknimo\MCU\SPEC061A\BSR\Debug\6_48k.res"
__RES_7_48K_sa                                           CF70      "F:\Code\geeknimo\MCU\SPEC061A\BSR\Debug\7_48k.res"
__RES_7_48K_ea                                           D38F      "F:\Code\geeknimo\MCU\SPEC061A\BSR\Debug\7_48k.res"
__RES_S12_24K_sa                                         B81F      "F:\Code\geeknimo\MCU\SPEC061A\BSR\Debug\S12_24K.res"
__RES_S12_24K_ea                                         BE9A      "F:\Code\geeknimo\MCU\SPEC061A\BSR\Debug\S12_24K.res"
__RES_18_48K_sa                                          C2DD      "F:\Code\geeknimo\MCU\SPEC061A\BSR\Debug\18_48k.res"
__RES_18_48K_ea                                          C720      "F:\Code\geeknimo\MCU\SPEC061A\BSR\Debug\18_48k.res"
__RES_17_48K_sa                                          E620      "F:\Code\geeknimo\MCU\SPEC061A\BSR\Debug\17_48k.res"
__RES_17_48K_ea                                          E93A      "F:\Code\geeknimo\MCU\SPEC061A\BSR\Debug\17_48k.res"
__RES_16_48K_sa                                          DF38      "F:\Code\geeknimo\MCU\SPEC061A\BSR\Debug\16_48k.res"
__RES_16_48K_ea                                          E2EB      "F:\Code\geeknimo\MCU\SPEC061A\BSR\Debug\16_48k.res"
***********************************************************************************************************************************************************************************************************************************************************************************************************

***********************************************************************************************************************************************************************************************************************************************************************************************************
*                             S E C T I O N     S U M M A R Y                                                                                                                                                                                                                                             *
***********************************************************************************************************************************************************************************************************************************************************************************************************
*     Section Name                             Startting Address   Ending Address    Size                                                                                                                                                                                                                 *
***********************************************************************************************************************************************************************************************************************************************************************************************************
* "D:\Program Files\Sunplus\unSP IDE 2.6.2D\startupcode\startupD.obj"                                                                                                                                                                                                                                     *
*    DEBUG                                               ----           ----              ----                                                                                                                                                                                                            *
*    CODE                                                ----           ----              ----                                                                                                                                                                                                            *
*    DATA                                                ----           ----              ----                                                                                                                                                                                                            *
*    TEXT                                                ----           ----              ----                                                                                                                                                                                                            *
*    IRAM                                                ----           ----              ----                                                                                                                                                                                                            *
*    ISRAM                                               ----           ----              ----                                                                                                                                                                                                            *
*    RAM                                                 ----           ----              ----                                                                                                                                                                                                            *
*    SRAM                                                ----           ----              ----                                                                                                                                                                                                            *
*    ORAM                                                ----           ----              ----                                                                                                                                                                                                            *
*    OSRAM                                               ----           ----              ----                                                                                                                                                                                                            *
*    NB_DATA                                             ----           ----              ----                                                                                                                                                                                                            *
*    CTOR                                                ----           ----              ----                                                                                                                                                                                                            *
*    DTOR                                                ----           ----              ----                                                                                                                                                                                                            *
*    IM                                                  ----           ----              ----                                                                                                                                                                                                            *
*    LINKONCE                                            ----           ----              ----                                                                                                                                                                                                            *
*    VTBL                                                ----           ----              ----                                                                                                                                                                                                            *
*    NB_MERGE                                            ----           ----              ----                                                                                                                                                                                                            *
*    unSP_StartUp(TEXT)                                  8009           8025              1D                                                                                                                                                                                                              *
* "F:\Code\geeknimo\MCU\SPEC061A\BSR\Debug\Resource.obj"                                                                                                                                                                                                                                                  *
*    DEBUG                                               ----           ----              ----                                                                                                                                                                                                            *
*    CODE                                                ----           ----              ----                                                                                                                                                                                                            *
*    DATA                                                ----           ----              ----                                                                                                                                                                                                            *
*    TEXT                                                8026           8061              3C                                                                                                                                                                                                              *
*    IRAM                                                ----           ----              ----                                                                                                                                                                                                            *
*    ISRAM                                               ----           ----              ----                                                                                                                                                                                                            *
*    RAM                                                 ----           ----              ----                                                                                                                                                                                                            *
*    SRAM                                                ----           ----              ----                                                                                                                                                                                                            *
*    ORAM                                                ----           ----              ----                                                                                                                                                                                                            *
*    OSRAM                                               ----           ----              ----                                                                                                                                                                                                            *
*    NB_DATA                                             ----           ----              ----                                                                                                                                                                                                            *
*    CTOR                                                ----           ----              ----                                                                                                                                                                                                            *
*    DTOR                                                ----           ----              ----                                                                                                                                                                                                            *
*    IM                                                  ----           ----              ----                                                                                                                                                                                                            *
*    LINKONCE                                            ----           ----              ----                                                                                                                                                                                                            *
*    VTBL                                                ----           ----              ----                                                                                                                                                                                                            *
*    NB_MERGE                                            ----           ----              ----                                                                                                                                                                                                            *
*    RAM_BANK0                                           ----           ----              ----                                                                                                                                                                                                            *
*    IRAM_BANK0                                          ----           ----              ----                                                                                                                                                                                                            *
*    ORAM_BANK0                                          ----           ----              ----                                                                                                                                                                                                            *
* "F:\Code\geeknimo\MCU\SPEC061A\BSR\Debug\main.obj"                                                                                                                                                                                                                                                      *
*    DEBUG                                               ----           ----              ----                                                                                                                                                                                                            *
*    CODE                                                B394           B59D              20A                                                                                                                                                                                                             *
*    DATA                                                ----           ----              ----                                                                                                                                                                                                            *
*    TEXT                                                8062           8067              6                                                                                                                                                                                                               *
*    IRAM                                                B79F  (47D)    B7A6  (484)       8                                                                                                                                                                                                               *
*    ISRAM                                               ----           ----              ----                                                                                                                                                                                                            *
*    RAM                                                 ----           ----              ----                                                                                                                                                                                                            *
*    SRAM                                                ----           ----              ----                                                                                                                                                                                                            *
*    ORAM                                                ----           ----              ----                                                                                                                                                                                                            *
*    OSRAM                                               ----           ----              ----                                                                                                                                                                                                            *
*    NB_DATA                                             ----           ----              ----                                                                                                                                                                                                            *
*    CTOR                                                ----           ----              ----                                                                                                                                                                                                            *
*    DTOR                                                ----           ----              ----                                                                                                                                                                                                            *
*    IM                                                  ----           ----              ----                                                                                                                                                                                                            *
*    LINKONCE                                            ----           ----              ----                                                                                                                                                                                                            *
*    VTBL                                                ----           ----              ----                                                                                                                                                                                                            *
*    NB_MERGE                                            ----           ----              ----                                                                                                                                                                                                            *
*    RAM_BANK0                                           ----           ----              ----                                                                                                                                                                                                            *
*    IRAM_BANK0                                          ----           ----              ----                                                                                                                                                                                                            *
*    ORAM_BANK0                                          ----           ----              ----                                                                                                                                                                                                            *
* "F:\Code\geeknimo\MCU\SPEC061A\BSR\Debug\hardware.obj"                                                                                                                                                                                                                                                  *
*    DEBUG                                               ----           ----              ----                                                                                                                                                                                                            *
*    CODE                                                B59E           B77C              1DF                                                                                                                                                                                                             *
*    DATA                                                ----           ----              ----                                                                                                                                                                                                            *
*    TEXT                                                ----           ----              ----                                                                                                                                                                                                            *
*    IRAM                                                B7A7  (485)    B80D  (4EB)       67                                                                                                                                                                                                              *
*    ISRAM                                               ----           ----              ----                                                                                                                                                                                                            *
*    RAM                                                 ----           ----              ----                                                                                                                                                                                                            *
*    SRAM                                                ----           ----              ----                                                                                                                                                                                                            *
*    ORAM                                                ----           ----              ----                                                                                                                                                                                                            *
*    OSRAM                                               ----           ----              ----                                                                                                                                                                                                            *
*    NB_DATA                                             ----           ----              ----                                                                                                                                                                                                            *
*    CTOR                                                ----           ----              ----                                                                                                                                                                                                            *
*    DTOR                                                ----           ----              ----                                                                                                                                                                                                            *
*    IM                                                  ----           ----              ----                                                                                                                                                                                                            *
*    LINKONCE                                            ----           ----              ----                                                                                                                                                                                                            *
*    VTBL                                                ----           ----              ----                                                                                                                                                                                                            *
*    NB_MERGE                                            ----           ----              ----                                                                                                                                                                                                            *
*    RAM_BANK0                                           ----           ----              ----                                                                                                                                                                                                            *
*    IRAM_BANK0                                          ----           ----              ----                                                                                                                                                                                                            *
*    ORAM_BANK0                                          ----           ----              ----                                                                                                                                                                                                            *
* "F:\Code\geeknimo\MCU\SPEC061A\BSR\Debug\InitIO.obj"                                                                                                                                                                                                                                                    *
*    DEBUG                                               ----           ----              ----                                                                                                                                                                                                            *
*    CODE                                                B77D           B79E              22                                                                                                                                                                                                              *
*    DATA                                                ----           ----              ----                                                                                                                                                                                                            *
*    TEXT                                                ----           ----              ----                                                                                                                                                                                                            *
*    IRAM                                                ----           ----              ----                                                                                                                                                                                                            *
*    ISRAM                                               ----           ----              ----                                                                                                                                                                                                            *
*    RAM                                                 ----           ----              ----                                                                                                                                                                                                            *
*    SRAM                                                ----           ----              ----                                                                                                                                                                                                            *
*    ORAM                                                ----           ----              ----                                                                                                                                                                                                            *
*    OSRAM                                               ----           ----              ----                                                                                                                                                                                                            *
*    NB_DATA                                             ----           ----              ----                                                                                                                                                                                                            *
*    CTOR                                                ----           ----              ----                                                                                                                                                                                                            *
*    DTOR                                                ----           ----              ----                                                                                                                                                                                                            *
*    IM                                                  ----           ----              ----                                                                                                                                                                                                            *
*    LINKONCE                                            ----           ----              ----                                                                                                                                                                                                            *
*    VTBL                                                ----           ----              ----                                                                                                                                                                                                            *
*    NB_MERGE                                            ----           ----              ----                                                                                                                                                                                                            *
*    RAM_BANK0                                           ----           ----              ----                                                                                                                                                                                                            *
*    IRAM_BANK0                                          ----           ----              ----                                                                                                                                                                                                            *
*    ORAM_BANK0                                          ----           ----              ----                                                                                                                                                                                                            *
* "F:\Code\geeknimo\MCU\SPEC061A\BSR\Debug\FIQ.obj"                                                                                                                                                                                                                                                       *
*    DEBUG                                               ----           ----              ----                                                                                                                                                                                                            *
*    CODE                                                ----           ----              ----                                                                                                                                                                                                            *
*    DATA                                                ----           ----              ----                                                                                                                                                                                                            *
*    TEXT                                                8068           8097              30                                                                                                                                                                                                              *
*    IRAM                                                ----           ----              ----                                                                                                                                                                                                            *
*    ISRAM                                               ----           ----              ----                                                                                                                                                                                                            *
*    RAM                                                 ----           ----              ----                                                                                                                                                                                                            *
*    SRAM                                                ----           ----              ----                                                                                                                                                                                                            *
*    ORAM                                                ----           ----              ----                                                                                                                                                                                                            *
*    OSRAM                                               ----           ----              ----                                                                                                                                                                                                            *
*    NB_DATA                                             ----           ----              ----                                                                                                                                                                                                            *
*    CTOR                                                ----           ----              ----                                                                                                                                                                                                            *
*    DTOR                                                ----           ----              ----                                                                                                                                                                                                            *
*    IM                                                  ----           ----              ----                                                                                                                                                                                                            *
*    LINKONCE                                            ----           ----              ----                                                                                                                                                                                                            *
*    VTBL                                                ----           ----              ----                                                                                                                                                                                                            *
*    NB_MERGE                                            ----           ----              ----                                                                                                                                                                                                            *
*    RAM_BANK0                                           ----           ----              ----                                                                                                                                                                                                            *
*    IRAM_BANK0                                          ----           ----              ----                                                                                                                                                                                                            *
*    ORAM_BANK0                                          ----           ----              ----                                                                                                                                                                                                            *
* "F:\Code\geeknimo\MCU\SPEC061A\BSR\Debug\1_48k.res"                                                                                                                                                                                                                                                     *
*    __sn_section_RES_1_48K(DATA)                        DB61           DF37              3D7                                                                                                                                                                                                             *
* "F:\Code\geeknimo\MCU\SPEC061A\BSR\Debug\10_48k.res"                                                                                                                                                                                                                                                    *
*    __sn_section_RES_10_48K(DATA)                       EF38           F21B              2E4                                                                                                                                                                                                             *
* "F:\Code\geeknimo\MCU\SPEC061A\BSR\Debug\11_48k.res"                                                                                                                                                                                                                                                    *
*    __sn_section_RES_11_48K(DATA)                       E93A           EC41              308                                                                                                                                                                                                             *
* "F:\Code\geeknimo\MCU\SPEC061A\BSR\Debug\12_48k.res"                                                                                                                                                                                                                                                    *
*    __sn_section_RES_12_48K(DATA)                       EC42           EF37              2F6                                                                                                                                                                                                             *
* "F:\Code\geeknimo\MCU\SPEC061A\BSR\Debug\15_48k.res"                                                                                                                                                                                                                                                    *
*    __sn_section_RES_15_48K(DATA)                       E2EB           E61F              335                                                                                                                                                                                                             *
* "F:\Code\geeknimo\MCU\SPEC061A\BSR\Debug\2_48k.res"                                                                                                                                                                                                                                                     *
*    __sn_section_RES_2_48K(DATA)                        BE9A           C2DC              443                                                                                                                                                                                                             *
* "F:\Code\geeknimo\MCU\SPEC061A\BSR\Debug\3_48k.res"                                                                                                                                                                                                                                                     *
*    __sn_section_RES_3_48K(DATA)                        D38F           D789              3FB                                                                                                                                                                                                             *
* "F:\Code\geeknimo\MCU\SPEC061A\BSR\Debug\4_48k.res"                                                                                                                                                                                                                                                     *
*    __sn_section_RES_4_48K(DATA)                        D78A           DB60              3D7                                                                                                                                                                                                             *
* "F:\Code\geeknimo\MCU\SPEC061A\BSR\Debug\5_48k.res"                                                                                                                                                                                                                                                     *
*    __sn_section_RES_5_48K(DATA)                        C720           CB50              431                                                                                                                                                                                                             *
* "F:\Code\geeknimo\MCU\SPEC061A\BSR\Debug\6_48k.res"                                                                                                                                                                                                                                                     *
*    __sn_section_RES_6_48K(DATA)                        CB51           CF6F              41F                                                                                                                                                                                                             *
* "F:\Code\geeknimo\MCU\SPEC061A\BSR\Debug\7_48k.res"                                                                                                                                                                                                                                                     *
*    __sn_section_RES_7_48K(DATA)                        CF70           D38E              41F                                                                                                                                                                                                             *
* "F:\Code\geeknimo\MCU\SPEC061A\BSR\Debug\S12_24K.res"                                                                                                                                                                                                                                                   *
*    __sn_section_RES_S12_24K(DATA)                      B81F           BE99              67B                                                                                                                                                                                                             *
* "F:\Code\geeknimo\MCU\SPEC061A\BSR\Debug\18_48k.res"                                                                                                                                                                                                                                                    *
*    __sn_section_RES_18_48K(DATA)                       C2DD           C71F              443                                                                                                                                                                                                             *
* "F:\Code\geeknimo\MCU\SPEC061A\BSR\Debug\17_48k.res"                                                                                                                                                                                                                                                    *
*    __sn_section_RES_17_48K(DATA)                       E620           E939              31A                                                                                                                                                                                                             *
* "F:\Code\geeknimo\MCU\SPEC061A\BSR\Debug\16_48k.res"                                                                                                                                                                                                                                                    *
*    __sn_section_RES_16_48K(DATA)                       DF38           E2EA              3B3                                                                                                                                                                                                             *
* "BSRSDCON"                                                                                                                                                                                                                                                                                              *
*    DEBUG                                               ----           ----              ----                                                                                                                                                                                                            *
*    CODE                                                ----           ----              ----                                                                                                                                                                                                            *
*    DATA                                                ----           ----              ----                                                                                                                                                                                                            *
*    TEXT                                                8098           9CF4              1C5D                                                                                                                                                                                                            *
*    IRAM                                                ----           ----              ----                                                                                                                                                                                                            *
*    ISRAM                                               ----           ----              ----                                                                                                                                                                                                            *
*    RAM                                                 ----           ----              ----                                                                                                                                                                                                            *
*    SRAM                                                ----           ----              ----                                                                                                                                                                                                            *
*    ORAM                                                ----           ----              ----                                                                                                                                                                                                            *
*    OSRAM                                               ----           ----              ----                                                                                                                                                                                                            *
*    NB_DATA                                             ----           ----              ----                                                                                                                                                                                                            *
*    BSR_IRAM_EXCLUSIVE(IRAM)                            B80E  (4EC)    B819  (4F7)       C                                                                                                                                                                                                               *
*    BSR_RAM_EXCLUSIVE(RAM)                              39D            3B2               16                                                                                                                                                                                                              *
*    BSR_RAM_BLOCK(RAM)                                  3B3            47C               CA                                                                                                                                                                                                              *
*    OVERLAP_RAM_BLOCK(ORAM)                             1              361               361                                                                                                                                                                                                             *
* "D:\WORKING\UNSP\LIBMAK~1\RELEASE\S480"                                                                                                                                                                                                                                                                 *
*    DEBUG                                               ----           ----              ----                                                                                                                                                                                                            *
*    CODE                                                A696           AD9E              709                                                                                                                                                                                                             *
*    DATA                                                ----           ----              ----                                                                                                                                                                                                            *
*    TEXT                                                9CF5           9FE5              2F1                                                                                                                                                                                                             *
*    IRAM                                                B81A  (4F8)    B81B  (4F9)       2                                                                                                                                                                                                               *
*    ISRAM                                               ----           ----              ----                                                                                                                                                                                                            *
*    RAM                                                 ----           ----              ----                                                                                                                                                                                                            *
*    SRAM                                                ----           ----              ----                                                                                                                                                                                                            *
*    ORAM                                                ----           ----              ----                                                                                                                                                                                                            *
*    OSRAM                                               ----           ----              ----                                                                                                                                                                                                            *
*    NB_DATA                                             ----           ----              ----                                                                                                                                                                                                            *
*    OVERLAP_RAM_BLOCK(ORAM)                             1              1A3               1A3                                                                                                                                                                                                             *
* "D:\WORKING\UNSP\LIBMAK~1\RELEASE\A2000"                                                                                                                                                                                                                                                                *
*    DEBUG                                               ----           ----              ----                                                                                                                                                                                                            *
*    CODE                                                AD9F           B393              5F5                                                                                                                                                                                                             *
*    DATA                                                ----           ----              ----                                                                                                                                                                                                            *
*    TEXT                                                9FE6           A695              6B0                                                                                                                                                                                                             *
*    IRAM                                                B81C  (4FA)    B81E  (4FC)       3                                                                                                                                                                                                               *
*    ISRAM                                               ----           ----              ----                                                                                                                                                                                                            *
*    RAM                                                 ----           ----              ----                                                                                                                                                                                                            *
*    SRAM                                                ----           ----              ----                                                                                                                                                                                                            *
*    ORAM                                                ----           ----              ----                                                                                                                                                                                                            *
*    OSRAM                                               ----           ----              ----                                                                                                                                                                                                            *
*    NB_DATA                                             ----           ----              ----                                                                                                                                                                                                            *
*    OVERLAP_SRAM_BLOCK(ORAM)                            362            39C               3B                                                                                                                                                                                                              *
*    OVERLAP_RAM_BLOCK(ORAM)                             1              2B9               2B9                                                                                                                                                                                                             *
* "Init Table"                                           8000           8008              9                                                                                                                                                                                                               *
***********************************************************************************************************************************************************************************************************************************************************************************************************

***********************************************************************************************************************************************************************************************************************************************************************************************************
*                             M E M O R Y     S U M M A R Y                                                                                                                                                                                                                                               *
***********************************************************************************************************************************************************************************************************************************************************************************************************
*     Type                          Total               Using        Remain                                                                                                                                                                                                                               *
***********************************************************************************************************************************************************************************************************************************************************************************************************
* "SRam/OSRam/ISRam"                40                   0            40                                                                                                                                                                                                                                  *
* "Ram"                             800                  4FD          303                                                                                                                                                                                                                                 *
* "First Bank Rom"                  7C00                 721C         9E4                                                                                                                                                                                                                                 *
* "Other Banks Rom"                 0                    0            0                                                                                                                                                                                                                                   *
***********************************************************************************************************************************************************************************************************************************************************************************************************

Linker Output Filename : F:\Code\geeknimo\MCU\SPEC061A\BSR\Debug\BSR.S37
Disk  Mapping Filename : F:\Code\geeknimo\MCU\SPEC061A\BSR\Debug\BSR.map
Symbol  Table FileName : F:\Code\geeknimo\MCU\SPEC061A\BSR\Debug\BSR.sym
Format :                 Microtek

Linker Errors :          0
Output Format :          S37
